// Jest Snapshot v1, https://goo.gl/fbAQLP

exports[`Pruebas de >PrimeraApp /> debe mostrar <PrimeraApp /> correctamente  1`] = `
<Fragment>
  <h1>
    Hola Soy Edixon
    !!
  </h1>
  <p>
    Soy un subtitulo
  </p>
</Fragment>
`;
